// Jest Snapshot v1, https://goo.gl/fbAQLP

exports[`input type ENROLLMENT, WITH_REGISTRATION, custom labels 1`] = `
<div>
  <div
    class="list"
  >
    <div
      class="dimensionItem disabled"
    >
      <div
        class="icon"
      >
        <svg
          height="16"
          viewBox="0 0 16 16"
          width="16"
          xmlns="http://www.w3.org/2000/svg"
        >
          <path
            d="M11.5 2a.5.5 0 01.5.5V4h1a1 1 0 011 1v8a1 1 0 01-1 1H3a1 1 0 01-1-1V5a1 1 0 011-1h1V2.5a.5.5 0 011 0V4h6V2.5a.5.5 0 01.5-.5zM13 6H3v7h10zm-8 4a1 1 0 110 2 1 1 0 010-2zm3 0a1 1 0 110 2 1 1 0 010-2zM5 7a1 1 0 110 2 1 1 0 010-2zm3 0a1 1 0 110 2 1 1 0 010-2zm3 0a1 1 0 110 2 1 1 0 010-2z"
            fill="currentColor"
          />
        </svg>
      </div>
      <div
        class="label"
      >
        le event date
      </div>
      <div
        class="menuTrigger"
      >
        <svg
          height="16"
          viewBox="0 0 16 16"
          width="16"
          xmlns="http://www.w3.org/2000/svg"
        >
          <path
            d="M3 7a1 1 0 110 2 1 1 0 010-2zm5 0a1 1 0 110 2 1 1 0 010-2zm5 0a1 1 0 110 2 1 1 0 010-2z"
            fill="currentColor"
            fill-rule="evenodd"
          />
        </svg>
      </div>
    </div>
    <div
      class="dimensionItem"
    >
      <div
        class="icon"
      >
        <svg
          height="16"
          viewBox="0 0 16 16"
          width="16"
          xmlns="http://www.w3.org/2000/svg"
        >
          <path
            d="M11.5 2a.5.5 0 01.5.5V4h1a1 1 0 011 1v8a1 1 0 01-1 1H3a1 1 0 01-1-1V5a1 1 0 011-1h1V2.5a.5.5 0 011 0V4h6V2.5a.5.5 0 01.5-.5zM13 6H3v7h10zm-8 4a1 1 0 110 2 1 1 0 010-2zm3 0a1 1 0 110 2 1 1 0 010-2zM5 7a1 1 0 110 2 1 1 0 010-2zm3 0a1 1 0 110 2 1 1 0 010-2zm3 0a1 1 0 110 2 1 1 0 010-2z"
            fill="currentColor"
          />
        </svg>
      </div>
      <div
        class="label"
      >
        le enrollment date
      </div>
      <div
        class="menuTrigger"
      >
        <svg
          height="16"
          viewBox="0 0 16 16"
          width="16"
          xmlns="http://www.w3.org/2000/svg"
        >
          <path
            d="M3 7a1 1 0 110 2 1 1 0 010-2zm5 0a1 1 0 110 2 1 1 0 010-2zm5 0a1 1 0 110 2 1 1 0 010-2z"
            fill="currentColor"
            fill-rule="evenodd"
          />
        </svg>
      </div>
    </div>
    <div
      class="dimensionItem disabled"
    >
      <div
        class="icon"
      >
        <svg
          height="16"
          viewBox="0 0 16 16"
          width="16"
          xmlns="http://www.w3.org/2000/svg"
        >
          <path
            d="M11.5 2a.5.5 0 01.5.5V4h1a1 1 0 011 1v8a1 1 0 01-1 1H3a1 1 0 01-1-1V5a1 1 0 011-1h1V2.5a.5.5 0 011 0V4h6V2.5a.5.5 0 01.5-.5zM13 6H3v7h10zm-8 4a1 1 0 110 2 1 1 0 010-2zm3 0a1 1 0 110 2 1 1 0 010-2zM5 7a1 1 0 110 2 1 1 0 010-2zm3 0a1 1 0 110 2 1 1 0 010-2zm3 0a1 1 0 110 2 1 1 0 010-2z"
            fill="currentColor"
          />
        </svg>
      </div>
      <div
        class="label"
      >
        le due date
      </div>
      <div
        class="menuTrigger"
      >
        <svg
          height="16"
          viewBox="0 0 16 16"
          width="16"
          xmlns="http://www.w3.org/2000/svg"
        >
          <path
            d="M3 7a1 1 0 110 2 1 1 0 010-2zm5 0a1 1 0 110 2 1 1 0 010-2zm5 0a1 1 0 110 2 1 1 0 010-2z"
            fill="currentColor"
            fill-rule="evenodd"
          />
        </svg>
      </div>
    </div>
    <div
      class="dimensionItem"
    >
      <div
        class="icon"
      >
        <svg
          height="16"
          viewBox="0 0 16 16"
          width="16"
          xmlns="http://www.w3.org/2000/svg"
        >
          <path
            d="M11.5 2a.5.5 0 01.5.5V4h1a1 1 0 011 1v8a1 1 0 01-1 1H3a1 1 0 01-1-1V5a1 1 0 011-1h1V2.5a.5.5 0 011 0V4h6V2.5a.5.5 0 01.5-.5zM13 6H3v7h10zm-8 4a1 1 0 110 2 1 1 0 010-2zm3 0a1 1 0 110 2 1 1 0 010-2zM5 7a1 1 0 110 2 1 1 0 010-2zm3 0a1 1 0 110 2 1 1 0 010-2zm3 0a1 1 0 110 2 1 1 0 010-2z"
            fill="currentColor"
          />
        </svg>
      </div>
      <div
        class="label"
      >
        le incident date
      </div>
      <div
        class="menuTrigger"
      >
        <svg
          height="16"
          viewBox="0 0 16 16"
          width="16"
          xmlns="http://www.w3.org/2000/svg"
        >
          <path
            d="M3 7a1 1 0 110 2 1 1 0 010-2zm5 0a1 1 0 110 2 1 1 0 010-2zm5 0a1 1 0 110 2 1 1 0 010-2z"
            fill="currentColor"
            fill-rule="evenodd"
          />
        </svg>
      </div>
    </div>
    <div
      class="dimensionItem"
    >
      <div
        class="icon"
      >
        <svg
          height="16"
          viewBox="0 0 16 16"
          width="16"
          xmlns="http://www.w3.org/2000/svg"
        >
          <path
            d="M11.5 2a.5.5 0 01.5.5V4h1a1 1 0 011 1v8a1 1 0 01-1 1H3a1 1 0 01-1-1V5a1 1 0 011-1h1V2.5a.5.5 0 011 0V4h6V2.5a.5.5 0 01.5-.5zM13 6H3v7h10zm-8 4a1 1 0 110 2 1 1 0 010-2zm3 0a1 1 0 110 2 1 1 0 010-2zM5 7a1 1 0 110 2 1 1 0 010-2zm3 0a1 1 0 110 2 1 1 0 010-2zm3 0a1 1 0 110 2 1 1 0 010-2z"
            fill="currentColor"
          />
        </svg>
      </div>
      <div
        class="label"
      >
        Last updated on
      </div>
      <div
        class="menuTrigger"
      >
        <svg
          height="16"
          viewBox="0 0 16 16"
          width="16"
          xmlns="http://www.w3.org/2000/svg"
        >
          <path
            d="M3 7a1 1 0 110 2 1 1 0 010-2zm5 0a1 1 0 110 2 1 1 0 010-2zm5 0a1 1 0 110 2 1 1 0 010-2z"
            fill="currentColor"
            fill-rule="evenodd"
          />
        </svg>
      </div>
    </div>
  </div>
</div>
`;

exports[`input type ENROLLMENT, WITH_REGISTRATION, custom labels, hide incident date 1`] = `
<div>
  <div
    class="list"
  >
    <div
      class="dimensionItem disabled"
    >
      <div
        class="icon"
      >
        <svg
          height="16"
          viewBox="0 0 16 16"
          width="16"
          xmlns="http://www.w3.org/2000/svg"
        >
          <path
            d="M11.5 2a.5.5 0 01.5.5V4h1a1 1 0 011 1v8a1 1 0 01-1 1H3a1 1 0 01-1-1V5a1 1 0 011-1h1V2.5a.5.5 0 011 0V4h6V2.5a.5.5 0 01.5-.5zM13 6H3v7h10zm-8 4a1 1 0 110 2 1 1 0 010-2zm3 0a1 1 0 110 2 1 1 0 010-2zM5 7a1 1 0 110 2 1 1 0 010-2zm3 0a1 1 0 110 2 1 1 0 010-2zm3 0a1 1 0 110 2 1 1 0 010-2z"
            fill="currentColor"
          />
        </svg>
      </div>
      <div
        class="label"
      >
        le event date
      </div>
      <div
        class="menuTrigger"
      >
        <svg
          height="16"
          viewBox="0 0 16 16"
          width="16"
          xmlns="http://www.w3.org/2000/svg"
        >
          <path
            d="M3 7a1 1 0 110 2 1 1 0 010-2zm5 0a1 1 0 110 2 1 1 0 010-2zm5 0a1 1 0 110 2 1 1 0 010-2z"
            fill="currentColor"
            fill-rule="evenodd"
          />
        </svg>
      </div>
    </div>
    <div
      class="dimensionItem"
    >
      <div
        class="icon"
      >
        <svg
          height="16"
          viewBox="0 0 16 16"
          width="16"
          xmlns="http://www.w3.org/2000/svg"
        >
          <path
            d="M11.5 2a.5.5 0 01.5.5V4h1a1 1 0 011 1v8a1 1 0 01-1 1H3a1 1 0 01-1-1V5a1 1 0 011-1h1V2.5a.5.5 0 011 0V4h6V2.5a.5.5 0 01.5-.5zM13 6H3v7h10zm-8 4a1 1 0 110 2 1 1 0 010-2zm3 0a1 1 0 110 2 1 1 0 010-2zM5 7a1 1 0 110 2 1 1 0 010-2zm3 0a1 1 0 110 2 1 1 0 010-2zm3 0a1 1 0 110 2 1 1 0 010-2z"
            fill="currentColor"
          />
        </svg>
      </div>
      <div
        class="label"
      >
        le enrollment date
      </div>
      <div
        class="menuTrigger"
      >
        <svg
          height="16"
          viewBox="0 0 16 16"
          width="16"
          xmlns="http://www.w3.org/2000/svg"
        >
          <path
            d="M3 7a1 1 0 110 2 1 1 0 010-2zm5 0a1 1 0 110 2 1 1 0 010-2zm5 0a1 1 0 110 2 1 1 0 010-2z"
            fill="currentColor"
            fill-rule="evenodd"
          />
        </svg>
      </div>
    </div>
    <div
      class="dimensionItem disabled"
    >
      <div
        class="icon"
      >
        <svg
          height="16"
          viewBox="0 0 16 16"
          width="16"
          xmlns="http://www.w3.org/2000/svg"
        >
          <path
            d="M11.5 2a.5.5 0 01.5.5V4h1a1 1 0 011 1v8a1 1 0 01-1 1H3a1 1 0 01-1-1V5a1 1 0 011-1h1V2.5a.5.5 0 011 0V4h6V2.5a.5.5 0 01.5-.5zM13 6H3v7h10zm-8 4a1 1 0 110 2 1 1 0 010-2zm3 0a1 1 0 110 2 1 1 0 010-2zM5 7a1 1 0 110 2 1 1 0 010-2zm3 0a1 1 0 110 2 1 1 0 010-2zm3 0a1 1 0 110 2 1 1 0 010-2z"
            fill="currentColor"
          />
        </svg>
      </div>
      <div
        class="label"
      >
        le due date
      </div>
      <div
        class="menuTrigger"
      >
        <svg
          height="16"
          viewBox="0 0 16 16"
          width="16"
          xmlns="http://www.w3.org/2000/svg"
        >
          <path
            d="M3 7a1 1 0 110 2 1 1 0 010-2zm5 0a1 1 0 110 2 1 1 0 010-2zm5 0a1 1 0 110 2 1 1 0 010-2z"
            fill="currentColor"
            fill-rule="evenodd"
          />
        </svg>
      </div>
    </div>
    <div
      class="dimensionItem disabled"
    >
      <div
        class="icon"
      >
        <svg
          height="16"
          viewBox="0 0 16 16"
          width="16"
          xmlns="http://www.w3.org/2000/svg"
        >
          <path
            d="M11.5 2a.5.5 0 01.5.5V4h1a1 1 0 011 1v8a1 1 0 01-1 1H3a1 1 0 01-1-1V5a1 1 0 011-1h1V2.5a.5.5 0 011 0V4h6V2.5a.5.5 0 01.5-.5zM13 6H3v7h10zm-8 4a1 1 0 110 2 1 1 0 010-2zm3 0a1 1 0 110 2 1 1 0 010-2zM5 7a1 1 0 110 2 1 1 0 010-2zm3 0a1 1 0 110 2 1 1 0 010-2zm3 0a1 1 0 110 2 1 1 0 010-2z"
            fill="currentColor"
          />
        </svg>
      </div>
      <div
        class="label"
      >
        le incident date
      </div>
      <div
        class="menuTrigger"
      >
        <svg
          height="16"
          viewBox="0 0 16 16"
          width="16"
          xmlns="http://www.w3.org/2000/svg"
        >
          <path
            d="M3 7a1 1 0 110 2 1 1 0 010-2zm5 0a1 1 0 110 2 1 1 0 010-2zm5 0a1 1 0 110 2 1 1 0 010-2z"
            fill="currentColor"
            fill-rule="evenodd"
          />
        </svg>
      </div>
    </div>
    <div
      class="dimensionItem"
    >
      <div
        class="icon"
      >
        <svg
          height="16"
          viewBox="0 0 16 16"
          width="16"
          xmlns="http://www.w3.org/2000/svg"
        >
          <path
            d="M11.5 2a.5.5 0 01.5.5V4h1a1 1 0 011 1v8a1 1 0 01-1 1H3a1 1 0 01-1-1V5a1 1 0 011-1h1V2.5a.5.5 0 011 0V4h6V2.5a.5.5 0 01.5-.5zM13 6H3v7h10zm-8 4a1 1 0 110 2 1 1 0 010-2zm3 0a1 1 0 110 2 1 1 0 010-2zM5 7a1 1 0 110 2 1 1 0 010-2zm3 0a1 1 0 110 2 1 1 0 010-2zm3 0a1 1 0 110 2 1 1 0 010-2z"
            fill="currentColor"
          />
        </svg>
      </div>
      <div
        class="label"
      >
        Last updated on
      </div>
      <div
        class="menuTrigger"
      >
        <svg
          height="16"
          viewBox="0 0 16 16"
          width="16"
          xmlns="http://www.w3.org/2000/svg"
        >
          <path
            d="M3 7a1 1 0 110 2 1 1 0 010-2zm5 0a1 1 0 110 2 1 1 0 010-2zm5 0a1 1 0 110 2 1 1 0 010-2z"
            fill="currentColor"
            fill-rule="evenodd"
          />
        </svg>
      </div>
    </div>
  </div>
</div>
`;

exports[`input type ENROLLMENT, WITHOUT_REGISTRATION 1`] = `
<div>
  <div
    class="list"
  >
    <div
      class="dimensionItem disabled"
    >
      <div
        class="icon"
      >
        <svg
          height="16"
          viewBox="0 0 16 16"
          width="16"
          xmlns="http://www.w3.org/2000/svg"
        >
          <path
            d="M11.5 2a.5.5 0 01.5.5V4h1a1 1 0 011 1v8a1 1 0 01-1 1H3a1 1 0 01-1-1V5a1 1 0 011-1h1V2.5a.5.5 0 011 0V4h6V2.5a.5.5 0 01.5-.5zM13 6H3v7h10zm-8 4a1 1 0 110 2 1 1 0 010-2zm3 0a1 1 0 110 2 1 1 0 010-2zM5 7a1 1 0 110 2 1 1 0 010-2zm3 0a1 1 0 110 2 1 1 0 010-2zm3 0a1 1 0 110 2 1 1 0 010-2z"
            fill="currentColor"
          />
        </svg>
      </div>
      <div
        class="label"
      >
        Date of registration
      </div>
      <div
        class="menuTrigger"
      >
        <svg
          height="16"
          viewBox="0 0 16 16"
          width="16"
          xmlns="http://www.w3.org/2000/svg"
        >
          <path
            d="M3 7a1 1 0 110 2 1 1 0 010-2zm5 0a1 1 0 110 2 1 1 0 010-2zm5 0a1 1 0 110 2 1 1 0 010-2z"
            fill="currentColor"
            fill-rule="evenodd"
          />
        </svg>
      </div>
    </div>
    <div
      class="dimensionItem disabled"
    >
      <div
        class="icon"
      >
        <svg
          height="16"
          viewBox="0 0 16 16"
          width="16"
          xmlns="http://www.w3.org/2000/svg"
        >
          <path
            d="M11.5 2a.5.5 0 01.5.5V4h1a1 1 0 011 1v8a1 1 0 01-1 1H3a1 1 0 01-1-1V5a1 1 0 011-1h1V2.5a.5.5 0 011 0V4h6V2.5a.5.5 0 01.5-.5zM13 6H3v7h10zm-8 4a1 1 0 110 2 1 1 0 010-2zm3 0a1 1 0 110 2 1 1 0 010-2zM5 7a1 1 0 110 2 1 1 0 010-2zm3 0a1 1 0 110 2 1 1 0 010-2zm3 0a1 1 0 110 2 1 1 0 010-2z"
            fill="currentColor"
          />
        </svg>
      </div>
      <div
        class="label"
      >
        Tracking date
      </div>
      <div
        class="menuTrigger"
      >
        <svg
          height="16"
          viewBox="0 0 16 16"
          width="16"
          xmlns="http://www.w3.org/2000/svg"
        >
          <path
            d="M3 7a1 1 0 110 2 1 1 0 010-2zm5 0a1 1 0 110 2 1 1 0 010-2zm5 0a1 1 0 110 2 1 1 0 010-2z"
            fill="currentColor"
            fill-rule="evenodd"
          />
        </svg>
      </div>
    </div>
    <div
      class="dimensionItem disabled"
    >
      <div
        class="icon"
      >
        <svg
          height="16"
          viewBox="0 0 16 16"
          width="16"
          xmlns="http://www.w3.org/2000/svg"
        >
          <path
            d="M11.5 2a.5.5 0 01.5.5V4h1a1 1 0 011 1v8a1 1 0 01-1 1H3a1 1 0 01-1-1V5a1 1 0 011-1h1V2.5a.5.5 0 011 0V4h6V2.5a.5.5 0 01.5-.5zM13 6H3v7h10zm-8 4a1 1 0 110 2 1 1 0 010-2zm3 0a1 1 0 110 2 1 1 0 010-2zM5 7a1 1 0 110 2 1 1 0 010-2zm3 0a1 1 0 110 2 1 1 0 010-2zm3 0a1 1 0 110 2 1 1 0 010-2z"
            fill="currentColor"
          />
        </svg>
      </div>
      <div
        class="label"
      >
        Due/Scheduled date
      </div>
      <div
        class="menuTrigger"
      >
        <svg
          height="16"
          viewBox="0 0 16 16"
          width="16"
          xmlns="http://www.w3.org/2000/svg"
        >
          <path
            d="M3 7a1 1 0 110 2 1 1 0 010-2zm5 0a1 1 0 110 2 1 1 0 010-2zm5 0a1 1 0 110 2 1 1 0 010-2z"
            fill="currentColor"
            fill-rule="evenodd"
          />
        </svg>
      </div>
    </div>
    <div
      class="dimensionItem disabled"
    >
      <div
        class="icon"
      >
        <svg
          height="16"
          viewBox="0 0 16 16"
          width="16"
          xmlns="http://www.w3.org/2000/svg"
        >
          <path
            d="M11.5 2a.5.5 0 01.5.5V4h1a1 1 0 011 1v8a1 1 0 01-1 1H3a1 1 0 01-1-1V5a1 1 0 011-1h1V2.5a.5.5 0 011 0V4h6V2.5a.5.5 0 01.5-.5zM13 6H3v7h10zm-8 4a1 1 0 110 2 1 1 0 010-2zm3 0a1 1 0 110 2 1 1 0 010-2zM5 7a1 1 0 110 2 1 1 0 010-2zm3 0a1 1 0 110 2 1 1 0 010-2zm3 0a1 1 0 110 2 1 1 0 010-2z"
            fill="currentColor"
          />
        </svg>
      </div>
      <div
        class="label"
      >
        Test date
      </div>
      <div
        class="menuTrigger"
      >
        <svg
          height="16"
          viewBox="0 0 16 16"
          width="16"
          xmlns="http://www.w3.org/2000/svg"
        >
          <path
            d="M3 7a1 1 0 110 2 1 1 0 010-2zm5 0a1 1 0 110 2 1 1 0 010-2zm5 0a1 1 0 110 2 1 1 0 010-2z"
            fill="currentColor"
            fill-rule="evenodd"
          />
        </svg>
      </div>
    </div>
    <div
      class="dimensionItem disabled"
    >
      <div
        class="icon"
      >
        <svg
          height="16"
          viewBox="0 0 16 16"
          width="16"
          xmlns="http://www.w3.org/2000/svg"
        >
          <path
            d="M11.5 2a.5.5 0 01.5.5V4h1a1 1 0 011 1v8a1 1 0 01-1 1H3a1 1 0 01-1-1V5a1 1 0 011-1h1V2.5a.5.5 0 011 0V4h6V2.5a.5.5 0 01.5-.5zM13 6H3v7h10zm-8 4a1 1 0 110 2 1 1 0 010-2zm3 0a1 1 0 110 2 1 1 0 010-2zM5 7a1 1 0 110 2 1 1 0 010-2zm3 0a1 1 0 110 2 1 1 0 010-2zm3 0a1 1 0 110 2 1 1 0 010-2z"
            fill="currentColor"
          />
        </svg>
      </div>
      <div
        class="label"
      >
        Last updated on
      </div>
      <div
        class="menuTrigger"
      >
        <svg
          height="16"
          viewBox="0 0 16 16"
          width="16"
          xmlns="http://www.w3.org/2000/svg"
        >
          <path
            d="M3 7a1 1 0 110 2 1 1 0 010-2zm5 0a1 1 0 110 2 1 1 0 010-2zm5 0a1 1 0 110 2 1 1 0 010-2z"
            fill="currentColor"
            fill-rule="evenodd"
          />
        </svg>
      </div>
    </div>
  </div>
</div>
`;

exports[`input type EVENT, WITH_REGISTRATION 1`] = `
<div>
  <div
    class="list"
  >
    <div
      class="dimensionItem"
    >
      <div
        class="icon"
      >
        <svg
          height="16"
          viewBox="0 0 16 16"
          width="16"
          xmlns="http://www.w3.org/2000/svg"
        >
          <path
            d="M11.5 2a.5.5 0 01.5.5V4h1a1 1 0 011 1v8a1 1 0 01-1 1H3a1 1 0 01-1-1V5a1 1 0 011-1h1V2.5a.5.5 0 011 0V4h6V2.5a.5.5 0 01.5-.5zM13 6H3v7h10zm-8 4a1 1 0 110 2 1 1 0 010-2zm3 0a1 1 0 110 2 1 1 0 010-2zM5 7a1 1 0 110 2 1 1 0 010-2zm3 0a1 1 0 110 2 1 1 0 010-2zm3 0a1 1 0 110 2 1 1 0 010-2z"
            fill="currentColor"
          />
        </svg>
      </div>
      <div
        class="label"
      >
        le event date
      </div>
      <div
        class="menuTrigger"
      >
        <svg
          height="16"
          viewBox="0 0 16 16"
          width="16"
          xmlns="http://www.w3.org/2000/svg"
        >
          <path
            d="M3 7a1 1 0 110 2 1 1 0 010-2zm5 0a1 1 0 110 2 1 1 0 010-2zm5 0a1 1 0 110 2 1 1 0 010-2z"
            fill="currentColor"
            fill-rule="evenodd"
          />
        </svg>
      </div>
    </div>
    <div
      class="dimensionItem"
    >
      <div
        class="icon"
      >
        <svg
          height="16"
          viewBox="0 0 16 16"
          width="16"
          xmlns="http://www.w3.org/2000/svg"
        >
          <path
            d="M11.5 2a.5.5 0 01.5.5V4h1a1 1 0 011 1v8a1 1 0 01-1 1H3a1 1 0 01-1-1V5a1 1 0 011-1h1V2.5a.5.5 0 011 0V4h6V2.5a.5.5 0 01.5-.5zM13 6H3v7h10zm-8 4a1 1 0 110 2 1 1 0 010-2zm3 0a1 1 0 110 2 1 1 0 010-2zM5 7a1 1 0 110 2 1 1 0 010-2zm3 0a1 1 0 110 2 1 1 0 010-2zm3 0a1 1 0 110 2 1 1 0 010-2z"
            fill="currentColor"
          />
        </svg>
      </div>
      <div
        class="label"
      >
        Tracking date
      </div>
      <div
        class="menuTrigger"
      >
        <svg
          height="16"
          viewBox="0 0 16 16"
          width="16"
          xmlns="http://www.w3.org/2000/svg"
        >
          <path
            d="M3 7a1 1 0 110 2 1 1 0 010-2zm5 0a1 1 0 110 2 1 1 0 010-2zm5 0a1 1 0 110 2 1 1 0 010-2z"
            fill="currentColor"
            fill-rule="evenodd"
          />
        </svg>
      </div>
    </div>
    <div
      class="dimensionItem"
    >
      <div
        class="icon"
      >
        <svg
          height="16"
          viewBox="0 0 16 16"
          width="16"
          xmlns="http://www.w3.org/2000/svg"
        >
          <path
            d="M11.5 2a.5.5 0 01.5.5V4h1a1 1 0 011 1v8a1 1 0 01-1 1H3a1 1 0 01-1-1V5a1 1 0 011-1h1V2.5a.5.5 0 011 0V4h6V2.5a.5.5 0 01.5-.5zM13 6H3v7h10zm-8 4a1 1 0 110 2 1 1 0 010-2zm3 0a1 1 0 110 2 1 1 0 010-2zM5 7a1 1 0 110 2 1 1 0 010-2zm3 0a1 1 0 110 2 1 1 0 010-2zm3 0a1 1 0 110 2 1 1 0 010-2z"
            fill="currentColor"
          />
        </svg>
      </div>
      <div
        class="label"
      >
        Due/Scheduled date
      </div>
      <div
        class="menuTrigger"
      >
        <svg
          height="16"
          viewBox="0 0 16 16"
          width="16"
          xmlns="http://www.w3.org/2000/svg"
        >
          <path
            d="M3 7a1 1 0 110 2 1 1 0 010-2zm5 0a1 1 0 110 2 1 1 0 010-2zm5 0a1 1 0 110 2 1 1 0 010-2z"
            fill="currentColor"
            fill-rule="evenodd"
          />
        </svg>
      </div>
    </div>
    <div
      class="dimensionItem"
    >
      <div
        class="icon"
      >
        <svg
          height="16"
          viewBox="0 0 16 16"
          width="16"
          xmlns="http://www.w3.org/2000/svg"
        >
          <path
            d="M11.5 2a.5.5 0 01.5.5V4h1a1 1 0 011 1v8a1 1 0 01-1 1H3a1 1 0 01-1-1V5a1 1 0 011-1h1V2.5a.5.5 0 011 0V4h6V2.5a.5.5 0 01.5-.5zM13 6H3v7h10zm-8 4a1 1 0 110 2 1 1 0 010-2zm3 0a1 1 0 110 2 1 1 0 010-2zM5 7a1 1 0 110 2 1 1 0 010-2zm3 0a1 1 0 110 2 1 1 0 010-2zm3 0a1 1 0 110 2 1 1 0 010-2z"
            fill="currentColor"
          />
        </svg>
      </div>
      <div
        class="label"
      >
        Test date
      </div>
      <div
        class="menuTrigger"
      >
        <svg
          height="16"
          viewBox="0 0 16 16"
          width="16"
          xmlns="http://www.w3.org/2000/svg"
        >
          <path
            d="M3 7a1 1 0 110 2 1 1 0 010-2zm5 0a1 1 0 110 2 1 1 0 010-2zm5 0a1 1 0 110 2 1 1 0 010-2z"
            fill="currentColor"
            fill-rule="evenodd"
          />
        </svg>
      </div>
    </div>
    <div
      class="dimensionItem"
    >
      <div
        class="icon"
      >
        <svg
          height="16"
          viewBox="0 0 16 16"
          width="16"
          xmlns="http://www.w3.org/2000/svg"
        >
          <path
            d="M11.5 2a.5.5 0 01.5.5V4h1a1 1 0 011 1v8a1 1 0 01-1 1H3a1 1 0 01-1-1V5a1 1 0 011-1h1V2.5a.5.5 0 011 0V4h6V2.5a.5.5 0 01.5-.5zM13 6H3v7h10zm-8 4a1 1 0 110 2 1 1 0 010-2zm3 0a1 1 0 110 2 1 1 0 010-2zM5 7a1 1 0 110 2 1 1 0 010-2zm3 0a1 1 0 110 2 1 1 0 010-2zm3 0a1 1 0 110 2 1 1 0 010-2z"
            fill="currentColor"
          />
        </svg>
      </div>
      <div
        class="label"
      >
        Last updated on
      </div>
      <div
        class="menuTrigger"
      >
        <svg
          height="16"
          viewBox="0 0 16 16"
          width="16"
          xmlns="http://www.w3.org/2000/svg"
        >
          <path
            d="M3 7a1 1 0 110 2 1 1 0 010-2zm5 0a1 1 0 110 2 1 1 0 010-2zm5 0a1 1 0 110 2 1 1 0 010-2z"
            fill="currentColor"
            fill-rule="evenodd"
          />
        </svg>
      </div>
    </div>
  </div>
</div>
`;

exports[`input type EVENT, WITH_REGISTRATION, custom labels 1`] = `
<div>
  <div
    class="list"
  >
    <div
      class="dimensionItem"
    >
      <div
        class="icon"
      >
        <svg
          height="16"
          viewBox="0 0 16 16"
          width="16"
          xmlns="http://www.w3.org/2000/svg"
        >
          <path
            d="M11.5 2a.5.5 0 01.5.5V4h1a1 1 0 011 1v8a1 1 0 01-1 1H3a1 1 0 01-1-1V5a1 1 0 011-1h1V2.5a.5.5 0 011 0V4h6V2.5a.5.5 0 01.5-.5zM13 6H3v7h10zm-8 4a1 1 0 110 2 1 1 0 010-2zm3 0a1 1 0 110 2 1 1 0 010-2zM5 7a1 1 0 110 2 1 1 0 010-2zm3 0a1 1 0 110 2 1 1 0 010-2zm3 0a1 1 0 110 2 1 1 0 010-2z"
            fill="currentColor"
          />
        </svg>
      </div>
      <div
        class="label"
      >
        le event date
      </div>
      <div
        class="menuTrigger"
      >
        <svg
          height="16"
          viewBox="0 0 16 16"
          width="16"
          xmlns="http://www.w3.org/2000/svg"
        >
          <path
            d="M3 7a1 1 0 110 2 1 1 0 010-2zm5 0a1 1 0 110 2 1 1 0 010-2zm5 0a1 1 0 110 2 1 1 0 010-2z"
            fill="currentColor"
            fill-rule="evenodd"
          />
        </svg>
      </div>
    </div>
    <div
      class="dimensionItem"
    >
      <div
        class="icon"
      >
        <svg
          height="16"
          viewBox="0 0 16 16"
          width="16"
          xmlns="http://www.w3.org/2000/svg"
        >
          <path
            d="M11.5 2a.5.5 0 01.5.5V4h1a1 1 0 011 1v8a1 1 0 01-1 1H3a1 1 0 01-1-1V5a1 1 0 011-1h1V2.5a.5.5 0 011 0V4h6V2.5a.5.5 0 01.5-.5zM13 6H3v7h10zm-8 4a1 1 0 110 2 1 1 0 010-2zm3 0a1 1 0 110 2 1 1 0 010-2zM5 7a1 1 0 110 2 1 1 0 010-2zm3 0a1 1 0 110 2 1 1 0 010-2zm3 0a1 1 0 110 2 1 1 0 010-2z"
            fill="currentColor"
          />
        </svg>
      </div>
      <div
        class="label"
      >
        le enrollment date
      </div>
      <div
        class="menuTrigger"
      >
        <svg
          height="16"
          viewBox="0 0 16 16"
          width="16"
          xmlns="http://www.w3.org/2000/svg"
        >
          <path
            d="M3 7a1 1 0 110 2 1 1 0 010-2zm5 0a1 1 0 110 2 1 1 0 010-2zm5 0a1 1 0 110 2 1 1 0 010-2z"
            fill="currentColor"
            fill-rule="evenodd"
          />
        </svg>
      </div>
    </div>
    <div
      class="dimensionItem"
    >
      <div
        class="icon"
      >
        <svg
          height="16"
          viewBox="0 0 16 16"
          width="16"
          xmlns="http://www.w3.org/2000/svg"
        >
          <path
            d="M11.5 2a.5.5 0 01.5.5V4h1a1 1 0 011 1v8a1 1 0 01-1 1H3a1 1 0 01-1-1V5a1 1 0 011-1h1V2.5a.5.5 0 011 0V4h6V2.5a.5.5 0 01.5-.5zM13 6H3v7h10zm-8 4a1 1 0 110 2 1 1 0 010-2zm3 0a1 1 0 110 2 1 1 0 010-2zM5 7a1 1 0 110 2 1 1 0 010-2zm3 0a1 1 0 110 2 1 1 0 010-2zm3 0a1 1 0 110 2 1 1 0 010-2z"
            fill="currentColor"
          />
        </svg>
      </div>
      <div
        class="label"
      >
        le due date
      </div>
      <div
        class="menuTrigger"
      >
        <svg
          height="16"
          viewBox="0 0 16 16"
          width="16"
          xmlns="http://www.w3.org/2000/svg"
        >
          <path
            d="M3 7a1 1 0 110 2 1 1 0 010-2zm5 0a1 1 0 110 2 1 1 0 010-2zm5 0a1 1 0 110 2 1 1 0 010-2z"
            fill="currentColor"
            fill-rule="evenodd"
          />
        </svg>
      </div>
    </div>
    <div
      class="dimensionItem"
    >
      <div
        class="icon"
      >
        <svg
          height="16"
          viewBox="0 0 16 16"
          width="16"
          xmlns="http://www.w3.org/2000/svg"
        >
          <path
            d="M11.5 2a.5.5 0 01.5.5V4h1a1 1 0 011 1v8a1 1 0 01-1 1H3a1 1 0 01-1-1V5a1 1 0 011-1h1V2.5a.5.5 0 011 0V4h6V2.5a.5.5 0 01.5-.5zM13 6H3v7h10zm-8 4a1 1 0 110 2 1 1 0 010-2zm3 0a1 1 0 110 2 1 1 0 010-2zM5 7a1 1 0 110 2 1 1 0 010-2zm3 0a1 1 0 110 2 1 1 0 010-2zm3 0a1 1 0 110 2 1 1 0 010-2z"
            fill="currentColor"
          />
        </svg>
      </div>
      <div
        class="label"
      >
        le incident date
      </div>
      <div
        class="menuTrigger"
      >
        <svg
          height="16"
          viewBox="0 0 16 16"
          width="16"
          xmlns="http://www.w3.org/2000/svg"
        >
          <path
            d="M3 7a1 1 0 110 2 1 1 0 010-2zm5 0a1 1 0 110 2 1 1 0 010-2zm5 0a1 1 0 110 2 1 1 0 010-2z"
            fill="currentColor"
            fill-rule="evenodd"
          />
        </svg>
      </div>
    </div>
    <div
      class="dimensionItem"
    >
      <div
        class="icon"
      >
        <svg
          height="16"
          viewBox="0 0 16 16"
          width="16"
          xmlns="http://www.w3.org/2000/svg"
        >
          <path
            d="M11.5 2a.5.5 0 01.5.5V4h1a1 1 0 011 1v8a1 1 0 01-1 1H3a1 1 0 01-1-1V5a1 1 0 011-1h1V2.5a.5.5 0 011 0V4h6V2.5a.5.5 0 01.5-.5zM13 6H3v7h10zm-8 4a1 1 0 110 2 1 1 0 010-2zm3 0a1 1 0 110 2 1 1 0 010-2zM5 7a1 1 0 110 2 1 1 0 010-2zm3 0a1 1 0 110 2 1 1 0 010-2zm3 0a1 1 0 110 2 1 1 0 010-2z"
            fill="currentColor"
          />
        </svg>
      </div>
      <div
        class="label"
      >
        Last updated on
      </div>
      <div
        class="menuTrigger"
      >
        <svg
          height="16"
          viewBox="0 0 16 16"
          width="16"
          xmlns="http://www.w3.org/2000/svg"
        >
          <path
            d="M3 7a1 1 0 110 2 1 1 0 010-2zm5 0a1 1 0 110 2 1 1 0 010-2zm5 0a1 1 0 110 2 1 1 0 010-2z"
            fill="currentColor"
            fill-rule="evenodd"
          />
        </svg>
      </div>
    </div>
  </div>
</div>
`;

exports[`input type EVENT, WITH_REGISTRATION, custom labels, hide due date 1`] = `
<div>
  <div
    class="list"
  >
    <div
      class="dimensionItem"
    >
      <div
        class="icon"
      >
        <svg
          height="16"
          viewBox="0 0 16 16"
          width="16"
          xmlns="http://www.w3.org/2000/svg"
        >
          <path
            d="M11.5 2a.5.5 0 01.5.5V4h1a1 1 0 011 1v8a1 1 0 01-1 1H3a1 1 0 01-1-1V5a1 1 0 011-1h1V2.5a.5.5 0 011 0V4h6V2.5a.5.5 0 01.5-.5zM13 6H3v7h10zm-8 4a1 1 0 110 2 1 1 0 010-2zm3 0a1 1 0 110 2 1 1 0 010-2zM5 7a1 1 0 110 2 1 1 0 010-2zm3 0a1 1 0 110 2 1 1 0 010-2zm3 0a1 1 0 110 2 1 1 0 010-2z"
            fill="currentColor"
          />
        </svg>
      </div>
      <div
        class="label"
      >
        le 2nd event date
      </div>
      <div
        class="menuTrigger"
      >
        <svg
          height="16"
          viewBox="0 0 16 16"
          width="16"
          xmlns="http://www.w3.org/2000/svg"
        >
          <path
            d="M3 7a1 1 0 110 2 1 1 0 010-2zm5 0a1 1 0 110 2 1 1 0 010-2zm5 0a1 1 0 110 2 1 1 0 010-2z"
            fill="currentColor"
            fill-rule="evenodd"
          />
        </svg>
      </div>
    </div>
    <div
      class="dimensionItem"
    >
      <div
        class="icon"
      >
        <svg
          height="16"
          viewBox="0 0 16 16"
          width="16"
          xmlns="http://www.w3.org/2000/svg"
        >
          <path
            d="M11.5 2a.5.5 0 01.5.5V4h1a1 1 0 011 1v8a1 1 0 01-1 1H3a1 1 0 01-1-1V5a1 1 0 011-1h1V2.5a.5.5 0 011 0V4h6V2.5a.5.5 0 01.5-.5zM13 6H3v7h10zm-8 4a1 1 0 110 2 1 1 0 010-2zm3 0a1 1 0 110 2 1 1 0 010-2zM5 7a1 1 0 110 2 1 1 0 010-2zm3 0a1 1 0 110 2 1 1 0 010-2zm3 0a1 1 0 110 2 1 1 0 010-2z"
            fill="currentColor"
          />
        </svg>
      </div>
      <div
        class="label"
      >
        le enrollment date
      </div>
      <div
        class="menuTrigger"
      >
        <svg
          height="16"
          viewBox="0 0 16 16"
          width="16"
          xmlns="http://www.w3.org/2000/svg"
        >
          <path
            d="M3 7a1 1 0 110 2 1 1 0 010-2zm5 0a1 1 0 110 2 1 1 0 010-2zm5 0a1 1 0 110 2 1 1 0 010-2z"
            fill="currentColor"
            fill-rule="evenodd"
          />
        </svg>
      </div>
    </div>
    <div
      class="dimensionItem disabled"
    >
      <div
        class="icon"
      >
        <svg
          height="16"
          viewBox="0 0 16 16"
          width="16"
          xmlns="http://www.w3.org/2000/svg"
        >
          <path
            d="M11.5 2a.5.5 0 01.5.5V4h1a1 1 0 011 1v8a1 1 0 01-1 1H3a1 1 0 01-1-1V5a1 1 0 011-1h1V2.5a.5.5 0 011 0V4h6V2.5a.5.5 0 01.5-.5zM13 6H3v7h10zm-8 4a1 1 0 110 2 1 1 0 010-2zm3 0a1 1 0 110 2 1 1 0 010-2zM5 7a1 1 0 110 2 1 1 0 010-2zm3 0a1 1 0 110 2 1 1 0 010-2zm3 0a1 1 0 110 2 1 1 0 010-2z"
            fill="currentColor"
          />
        </svg>
      </div>
      <div
        class="label"
      >
        le 2nd due date
      </div>
      <div
        class="menuTrigger"
      >
        <svg
          height="16"
          viewBox="0 0 16 16"
          width="16"
          xmlns="http://www.w3.org/2000/svg"
        >
          <path
            d="M3 7a1 1 0 110 2 1 1 0 010-2zm5 0a1 1 0 110 2 1 1 0 010-2zm5 0a1 1 0 110 2 1 1 0 010-2z"
            fill="currentColor"
            fill-rule="evenodd"
          />
        </svg>
      </div>
    </div>
    <div
      class="dimensionItem"
    >
      <div
        class="icon"
      >
        <svg
          height="16"
          viewBox="0 0 16 16"
          width="16"
          xmlns="http://www.w3.org/2000/svg"
        >
          <path
            d="M11.5 2a.5.5 0 01.5.5V4h1a1 1 0 011 1v8a1 1 0 01-1 1H3a1 1 0 01-1-1V5a1 1 0 011-1h1V2.5a.5.5 0 011 0V4h6V2.5a.5.5 0 01.5-.5zM13 6H3v7h10zm-8 4a1 1 0 110 2 1 1 0 010-2zm3 0a1 1 0 110 2 1 1 0 010-2zM5 7a1 1 0 110 2 1 1 0 010-2zm3 0a1 1 0 110 2 1 1 0 010-2zm3 0a1 1 0 110 2 1 1 0 010-2z"
            fill="currentColor"
          />
        </svg>
      </div>
      <div
        class="label"
      >
        le incident date
      </div>
      <div
        class="menuTrigger"
      >
        <svg
          height="16"
          viewBox="0 0 16 16"
          width="16"
          xmlns="http://www.w3.org/2000/svg"
        >
          <path
            d="M3 7a1 1 0 110 2 1 1 0 010-2zm5 0a1 1 0 110 2 1 1 0 010-2zm5 0a1 1 0 110 2 1 1 0 010-2z"
            fill="currentColor"
            fill-rule="evenodd"
          />
        </svg>
      </div>
    </div>
    <div
      class="dimensionItem"
    >
      <div
        class="icon"
      >
        <svg
          height="16"
          viewBox="0 0 16 16"
          width="16"
          xmlns="http://www.w3.org/2000/svg"
        >
          <path
            d="M11.5 2a.5.5 0 01.5.5V4h1a1 1 0 011 1v8a1 1 0 01-1 1H3a1 1 0 01-1-1V5a1 1 0 011-1h1V2.5a.5.5 0 011 0V4h6V2.5a.5.5 0 01.5-.5zM13 6H3v7h10zm-8 4a1 1 0 110 2 1 1 0 010-2zm3 0a1 1 0 110 2 1 1 0 010-2zM5 7a1 1 0 110 2 1 1 0 010-2zm3 0a1 1 0 110 2 1 1 0 010-2zm3 0a1 1 0 110 2 1 1 0 010-2z"
            fill="currentColor"
          />
        </svg>
      </div>
      <div
        class="label"
      >
        Last updated on
      </div>
      <div
        class="menuTrigger"
      >
        <svg
          height="16"
          viewBox="0 0 16 16"
          width="16"
          xmlns="http://www.w3.org/2000/svg"
        >
          <path
            d="M3 7a1 1 0 110 2 1 1 0 010-2zm5 0a1 1 0 110 2 1 1 0 010-2zm5 0a1 1 0 110 2 1 1 0 010-2z"
            fill="currentColor"
            fill-rule="evenodd"
          />
        </svg>
      </div>
    </div>
  </div>
</div>
`;

exports[`input type EVENT, WITH_REGISTRATION, custom labels, hide incident date 1`] = `
<div>
  <div
    class="list"
  >
    <div
      class="dimensionItem"
    >
      <div
        class="icon"
      >
        <svg
          height="16"
          viewBox="0 0 16 16"
          width="16"
          xmlns="http://www.w3.org/2000/svg"
        >
          <path
            d="M11.5 2a.5.5 0 01.5.5V4h1a1 1 0 011 1v8a1 1 0 01-1 1H3a1 1 0 01-1-1V5a1 1 0 011-1h1V2.5a.5.5 0 011 0V4h6V2.5a.5.5 0 01.5-.5zM13 6H3v7h10zm-8 4a1 1 0 110 2 1 1 0 010-2zm3 0a1 1 0 110 2 1 1 0 010-2zM5 7a1 1 0 110 2 1 1 0 010-2zm3 0a1 1 0 110 2 1 1 0 010-2zm3 0a1 1 0 110 2 1 1 0 010-2z"
            fill="currentColor"
          />
        </svg>
      </div>
      <div
        class="label"
      >
        le event date
      </div>
      <div
        class="menuTrigger"
      >
        <svg
          height="16"
          viewBox="0 0 16 16"
          width="16"
          xmlns="http://www.w3.org/2000/svg"
        >
          <path
            d="M3 7a1 1 0 110 2 1 1 0 010-2zm5 0a1 1 0 110 2 1 1 0 010-2zm5 0a1 1 0 110 2 1 1 0 010-2z"
            fill="currentColor"
            fill-rule="evenodd"
          />
        </svg>
      </div>
    </div>
    <div
      class="dimensionItem"
    >
      <div
        class="icon"
      >
        <svg
          height="16"
          viewBox="0 0 16 16"
          width="16"
          xmlns="http://www.w3.org/2000/svg"
        >
          <path
            d="M11.5 2a.5.5 0 01.5.5V4h1a1 1 0 011 1v8a1 1 0 01-1 1H3a1 1 0 01-1-1V5a1 1 0 011-1h1V2.5a.5.5 0 011 0V4h6V2.5a.5.5 0 01.5-.5zM13 6H3v7h10zm-8 4a1 1 0 110 2 1 1 0 010-2zm3 0a1 1 0 110 2 1 1 0 010-2zM5 7a1 1 0 110 2 1 1 0 010-2zm3 0a1 1 0 110 2 1 1 0 010-2zm3 0a1 1 0 110 2 1 1 0 010-2z"
            fill="currentColor"
          />
        </svg>
      </div>
      <div
        class="label"
      >
        le enrollment date
      </div>
      <div
        class="menuTrigger"
      >
        <svg
          height="16"
          viewBox="0 0 16 16"
          width="16"
          xmlns="http://www.w3.org/2000/svg"
        >
          <path
            d="M3 7a1 1 0 110 2 1 1 0 010-2zm5 0a1 1 0 110 2 1 1 0 010-2zm5 0a1 1 0 110 2 1 1 0 010-2z"
            fill="currentColor"
            fill-rule="evenodd"
          />
        </svg>
      </div>
    </div>
    <div
      class="dimensionItem"
    >
      <div
        class="icon"
      >
        <svg
          height="16"
          viewBox="0 0 16 16"
          width="16"
          xmlns="http://www.w3.org/2000/svg"
        >
          <path
            d="M11.5 2a.5.5 0 01.5.5V4h1a1 1 0 011 1v8a1 1 0 01-1 1H3a1 1 0 01-1-1V5a1 1 0 011-1h1V2.5a.5.5 0 011 0V4h6V2.5a.5.5 0 01.5-.5zM13 6H3v7h10zm-8 4a1 1 0 110 2 1 1 0 010-2zm3 0a1 1 0 110 2 1 1 0 010-2zM5 7a1 1 0 110 2 1 1 0 010-2zm3 0a1 1 0 110 2 1 1 0 010-2zm3 0a1 1 0 110 2 1 1 0 010-2z"
            fill="currentColor"
          />
        </svg>
      </div>
      <div
        class="label"
      >
        le due date
      </div>
      <div
        class="menuTrigger"
      >
        <svg
          height="16"
          viewBox="0 0 16 16"
          width="16"
          xmlns="http://www.w3.org/2000/svg"
        >
          <path
            d="M3 7a1 1 0 110 2 1 1 0 010-2zm5 0a1 1 0 110 2 1 1 0 010-2zm5 0a1 1 0 110 2 1 1 0 010-2z"
            fill="currentColor"
            fill-rule="evenodd"
          />
        </svg>
      </div>
    </div>
    <div
      class="dimensionItem disabled"
    >
      <div
        class="icon"
      >
        <svg
          height="16"
          viewBox="0 0 16 16"
          width="16"
          xmlns="http://www.w3.org/2000/svg"
        >
          <path
            d="M11.5 2a.5.5 0 01.5.5V4h1a1 1 0 011 1v8a1 1 0 01-1 1H3a1 1 0 01-1-1V5a1 1 0 011-1h1V2.5a.5.5 0 011 0V4h6V2.5a.5.5 0 01.5-.5zM13 6H3v7h10zm-8 4a1 1 0 110 2 1 1 0 010-2zm3 0a1 1 0 110 2 1 1 0 010-2zM5 7a1 1 0 110 2 1 1 0 010-2zm3 0a1 1 0 110 2 1 1 0 010-2zm3 0a1 1 0 110 2 1 1 0 010-2z"
            fill="currentColor"
          />
        </svg>
      </div>
      <div
        class="label"
      >
        le incident date
      </div>
      <div
        class="menuTrigger"
      >
        <svg
          height="16"
          viewBox="0 0 16 16"
          width="16"
          xmlns="http://www.w3.org/2000/svg"
        >
          <path
            d="M3 7a1 1 0 110 2 1 1 0 010-2zm5 0a1 1 0 110 2 1 1 0 010-2zm5 0a1 1 0 110 2 1 1 0 010-2z"
            fill="currentColor"
            fill-rule="evenodd"
          />
        </svg>
      </div>
    </div>
    <div
      class="dimensionItem"
    >
      <div
        class="icon"
      >
        <svg
          height="16"
          viewBox="0 0 16 16"
          width="16"
          xmlns="http://www.w3.org/2000/svg"
        >
          <path
            d="M11.5 2a.5.5 0 01.5.5V4h1a1 1 0 011 1v8a1 1 0 01-1 1H3a1 1 0 01-1-1V5a1 1 0 011-1h1V2.5a.5.5 0 011 0V4h6V2.5a.5.5 0 01.5-.5zM13 6H3v7h10zm-8 4a1 1 0 110 2 1 1 0 010-2zm3 0a1 1 0 110 2 1 1 0 010-2zM5 7a1 1 0 110 2 1 1 0 010-2zm3 0a1 1 0 110 2 1 1 0 010-2zm3 0a1 1 0 110 2 1 1 0 010-2z"
            fill="currentColor"
          />
        </svg>
      </div>
      <div
        class="label"
      >
        Last updated on
      </div>
      <div
        class="menuTrigger"
      >
        <svg
          height="16"
          viewBox="0 0 16 16"
          width="16"
          xmlns="http://www.w3.org/2000/svg"
        >
          <path
            d="M3 7a1 1 0 110 2 1 1 0 010-2zm5 0a1 1 0 110 2 1 1 0 010-2zm5 0a1 1 0 110 2 1 1 0 010-2z"
            fill="currentColor"
            fill-rule="evenodd"
          />
        </svg>
      </div>
    </div>
  </div>
</div>
`;

exports[`input type EVENT, WITHOUT_REGISTRATION no custom labels 1`] = `
<div>
  <div
    class="list"
  >
    <div
      class="dimensionItem"
    >
      <div
        class="icon"
      >
        <svg
          height="16"
          viewBox="0 0 16 16"
          width="16"
          xmlns="http://www.w3.org/2000/svg"
        >
          <path
            d="M11.5 2a.5.5 0 01.5.5V4h1a1 1 0 011 1v8a1 1 0 01-1 1H3a1 1 0 01-1-1V5a1 1 0 011-1h1V2.5a.5.5 0 011 0V4h6V2.5a.5.5 0 01.5-.5zM13 6H3v7h10zm-8 4a1 1 0 110 2 1 1 0 010-2zm3 0a1 1 0 110 2 1 1 0 010-2zM5 7a1 1 0 110 2 1 1 0 010-2zm3 0a1 1 0 110 2 1 1 0 010-2zm3 0a1 1 0 110 2 1 1 0 010-2z"
            fill="currentColor"
          />
        </svg>
      </div>
      <div
        class="label"
      >
        Date of registration
      </div>
      <div
        class="menuTrigger"
      >
        <svg
          height="16"
          viewBox="0 0 16 16"
          width="16"
          xmlns="http://www.w3.org/2000/svg"
        >
          <path
            d="M3 7a1 1 0 110 2 1 1 0 010-2zm5 0a1 1 0 110 2 1 1 0 010-2zm5 0a1 1 0 110 2 1 1 0 010-2z"
            fill="currentColor"
            fill-rule="evenodd"
          />
        </svg>
      </div>
    </div>
    <div
      class="dimensionItem disabled"
    >
      <div
        class="icon"
      >
        <svg
          height="16"
          viewBox="0 0 16 16"
          width="16"
          xmlns="http://www.w3.org/2000/svg"
        >
          <path
            d="M11.5 2a.5.5 0 01.5.5V4h1a1 1 0 011 1v8a1 1 0 01-1 1H3a1 1 0 01-1-1V5a1 1 0 011-1h1V2.5a.5.5 0 011 0V4h6V2.5a.5.5 0 01.5-.5zM13 6H3v7h10zm-8 4a1 1 0 110 2 1 1 0 010-2zm3 0a1 1 0 110 2 1 1 0 010-2zM5 7a1 1 0 110 2 1 1 0 010-2zm3 0a1 1 0 110 2 1 1 0 010-2zm3 0a1 1 0 110 2 1 1 0 010-2z"
            fill="currentColor"
          />
        </svg>
      </div>
      <div
        class="label"
      >
        Tracking date
      </div>
      <div
        class="menuTrigger"
      >
        <svg
          height="16"
          viewBox="0 0 16 16"
          width="16"
          xmlns="http://www.w3.org/2000/svg"
        >
          <path
            d="M3 7a1 1 0 110 2 1 1 0 010-2zm5 0a1 1 0 110 2 1 1 0 010-2zm5 0a1 1 0 110 2 1 1 0 010-2z"
            fill="currentColor"
            fill-rule="evenodd"
          />
        </svg>
      </div>
    </div>
    <div
      class="dimensionItem disabled"
    >
      <div
        class="icon"
      >
        <svg
          height="16"
          viewBox="0 0 16 16"
          width="16"
          xmlns="http://www.w3.org/2000/svg"
        >
          <path
            d="M11.5 2a.5.5 0 01.5.5V4h1a1 1 0 011 1v8a1 1 0 01-1 1H3a1 1 0 01-1-1V5a1 1 0 011-1h1V2.5a.5.5 0 011 0V4h6V2.5a.5.5 0 01.5-.5zM13 6H3v7h10zm-8 4a1 1 0 110 2 1 1 0 010-2zm3 0a1 1 0 110 2 1 1 0 010-2zM5 7a1 1 0 110 2 1 1 0 010-2zm3 0a1 1 0 110 2 1 1 0 010-2zm3 0a1 1 0 110 2 1 1 0 010-2z"
            fill="currentColor"
          />
        </svg>
      </div>
      <div
        class="label"
      >
        Due/Scheduled date
      </div>
      <div
        class="menuTrigger"
      >
        <svg
          height="16"
          viewBox="0 0 16 16"
          width="16"
          xmlns="http://www.w3.org/2000/svg"
        >
          <path
            d="M3 7a1 1 0 110 2 1 1 0 010-2zm5 0a1 1 0 110 2 1 1 0 010-2zm5 0a1 1 0 110 2 1 1 0 010-2z"
            fill="currentColor"
            fill-rule="evenodd"
          />
        </svg>
      </div>
    </div>
    <div
      class="dimensionItem disabled"
    >
      <div
        class="icon"
      >
        <svg
          height="16"
          viewBox="0 0 16 16"
          width="16"
          xmlns="http://www.w3.org/2000/svg"
        >
          <path
            d="M11.5 2a.5.5 0 01.5.5V4h1a1 1 0 011 1v8a1 1 0 01-1 1H3a1 1 0 01-1-1V5a1 1 0 011-1h1V2.5a.5.5 0 011 0V4h6V2.5a.5.5 0 01.5-.5zM13 6H3v7h10zm-8 4a1 1 0 110 2 1 1 0 010-2zm3 0a1 1 0 110 2 1 1 0 010-2zM5 7a1 1 0 110 2 1 1 0 010-2zm3 0a1 1 0 110 2 1 1 0 010-2zm3 0a1 1 0 110 2 1 1 0 010-2z"
            fill="currentColor"
          />
        </svg>
      </div>
      <div
        class="label"
      >
        Test date
      </div>
      <div
        class="menuTrigger"
      >
        <svg
          height="16"
          viewBox="0 0 16 16"
          width="16"
          xmlns="http://www.w3.org/2000/svg"
        >
          <path
            d="M3 7a1 1 0 110 2 1 1 0 010-2zm5 0a1 1 0 110 2 1 1 0 010-2zm5 0a1 1 0 110 2 1 1 0 010-2z"
            fill="currentColor"
            fill-rule="evenodd"
          />
        </svg>
      </div>
    </div>
    <div
      class="dimensionItem"
    >
      <div
        class="icon"
      >
        <svg
          height="16"
          viewBox="0 0 16 16"
          width="16"
          xmlns="http://www.w3.org/2000/svg"
        >
          <path
            d="M11.5 2a.5.5 0 01.5.5V4h1a1 1 0 011 1v8a1 1 0 01-1 1H3a1 1 0 01-1-1V5a1 1 0 011-1h1V2.5a.5.5 0 011 0V4h6V2.5a.5.5 0 01.5-.5zM13 6H3v7h10zm-8 4a1 1 0 110 2 1 1 0 010-2zm3 0a1 1 0 110 2 1 1 0 010-2zM5 7a1 1 0 110 2 1 1 0 010-2zm3 0a1 1 0 110 2 1 1 0 010-2zm3 0a1 1 0 110 2 1 1 0 010-2z"
            fill="currentColor"
          />
        </svg>
      </div>
      <div
        class="label"
      >
        Last updated on
      </div>
      <div
        class="menuTrigger"
      >
        <svg
          height="16"
          viewBox="0 0 16 16"
          width="16"
          xmlns="http://www.w3.org/2000/svg"
        >
          <path
            d="M3 7a1 1 0 110 2 1 1 0 010-2zm5 0a1 1 0 110 2 1 1 0 010-2zm5 0a1 1 0 110 2 1 1 0 010-2z"
            fill="currentColor"
            fill-rule="evenodd"
          />
        </svg>
      </div>
    </div>
  </div>
</div>
`;

exports[`input type EVENT, WITHOUT_REGISTRATION with custom labels 1`] = `
<div>
  <div
    class="list"
  >
    <div
      class="dimensionItem"
    >
      <div
        class="icon"
      >
        <svg
          height="16"
          viewBox="0 0 16 16"
          width="16"
          xmlns="http://www.w3.org/2000/svg"
        >
          <path
            d="M11.5 2a.5.5 0 01.5.5V4h1a1 1 0 011 1v8a1 1 0 01-1 1H3a1 1 0 01-1-1V5a1 1 0 011-1h1V2.5a.5.5 0 011 0V4h6V2.5a.5.5 0 01.5-.5zM13 6H3v7h10zm-8 4a1 1 0 110 2 1 1 0 010-2zm3 0a1 1 0 110 2 1 1 0 010-2zM5 7a1 1 0 110 2 1 1 0 010-2zm3 0a1 1 0 110 2 1 1 0 010-2zm3 0a1 1 0 110 2 1 1 0 010-2z"
            fill="currentColor"
          />
        </svg>
      </div>
      <div
        class="label"
      >
        le event date
      </div>
      <div
        class="menuTrigger"
      >
        <svg
          height="16"
          viewBox="0 0 16 16"
          width="16"
          xmlns="http://www.w3.org/2000/svg"
        >
          <path
            d="M3 7a1 1 0 110 2 1 1 0 010-2zm5 0a1 1 0 110 2 1 1 0 010-2zm5 0a1 1 0 110 2 1 1 0 010-2z"
            fill="currentColor"
            fill-rule="evenodd"
          />
        </svg>
      </div>
    </div>
    <div
      class="dimensionItem disabled"
    >
      <div
        class="icon"
      >
        <svg
          height="16"
          viewBox="0 0 16 16"
          width="16"
          xmlns="http://www.w3.org/2000/svg"
        >
          <path
            d="M11.5 2a.5.5 0 01.5.5V4h1a1 1 0 011 1v8a1 1 0 01-1 1H3a1 1 0 01-1-1V5a1 1 0 011-1h1V2.5a.5.5 0 011 0V4h6V2.5a.5.5 0 01.5-.5zM13 6H3v7h10zm-8 4a1 1 0 110 2 1 1 0 010-2zm3 0a1 1 0 110 2 1 1 0 010-2zM5 7a1 1 0 110 2 1 1 0 010-2zm3 0a1 1 0 110 2 1 1 0 010-2zm3 0a1 1 0 110 2 1 1 0 010-2z"
            fill="currentColor"
          />
        </svg>
      </div>
      <div
        class="label"
      >
        Tracking date
      </div>
      <div
        class="menuTrigger"
      >
        <svg
          height="16"
          viewBox="0 0 16 16"
          width="16"
          xmlns="http://www.w3.org/2000/svg"
        >
          <path
            d="M3 7a1 1 0 110 2 1 1 0 010-2zm5 0a1 1 0 110 2 1 1 0 010-2zm5 0a1 1 0 110 2 1 1 0 010-2z"
            fill="currentColor"
            fill-rule="evenodd"
          />
        </svg>
      </div>
    </div>
    <div
      class="dimensionItem disabled"
    >
      <div
        class="icon"
      >
        <svg
          height="16"
          viewBox="0 0 16 16"
          width="16"
          xmlns="http://www.w3.org/2000/svg"
        >
          <path
            d="M11.5 2a.5.5 0 01.5.5V4h1a1 1 0 011 1v8a1 1 0 01-1 1H3a1 1 0 01-1-1V5a1 1 0 011-1h1V2.5a.5.5 0 011 0V4h6V2.5a.5.5 0 01.5-.5zM13 6H3v7h10zm-8 4a1 1 0 110 2 1 1 0 010-2zm3 0a1 1 0 110 2 1 1 0 010-2zM5 7a1 1 0 110 2 1 1 0 010-2zm3 0a1 1 0 110 2 1 1 0 010-2zm3 0a1 1 0 110 2 1 1 0 010-2z"
            fill="currentColor"
          />
        </svg>
      </div>
      <div
        class="label"
      >
        Due/Scheduled date
      </div>
      <div
        class="menuTrigger"
      >
        <svg
          height="16"
          viewBox="0 0 16 16"
          width="16"
          xmlns="http://www.w3.org/2000/svg"
        >
          <path
            d="M3 7a1 1 0 110 2 1 1 0 010-2zm5 0a1 1 0 110 2 1 1 0 010-2zm5 0a1 1 0 110 2 1 1 0 010-2z"
            fill="currentColor"
            fill-rule="evenodd"
          />
        </svg>
      </div>
    </div>
    <div
      class="dimensionItem disabled"
    >
      <div
        class="icon"
      >
        <svg
          height="16"
          viewBox="0 0 16 16"
          width="16"
          xmlns="http://www.w3.org/2000/svg"
        >
          <path
            d="M11.5 2a.5.5 0 01.5.5V4h1a1 1 0 011 1v8a1 1 0 01-1 1H3a1 1 0 01-1-1V5a1 1 0 011-1h1V2.5a.5.5 0 011 0V4h6V2.5a.5.5 0 01.5-.5zM13 6H3v7h10zm-8 4a1 1 0 110 2 1 1 0 010-2zm3 0a1 1 0 110 2 1 1 0 010-2zM5 7a1 1 0 110 2 1 1 0 010-2zm3 0a1 1 0 110 2 1 1 0 010-2zm3 0a1 1 0 110 2 1 1 0 010-2z"
            fill="currentColor"
          />
        </svg>
      </div>
      <div
        class="label"
      >
        Test date
      </div>
      <div
        class="menuTrigger"
      >
        <svg
          height="16"
          viewBox="0 0 16 16"
          width="16"
          xmlns="http://www.w3.org/2000/svg"
        >
          <path
            d="M3 7a1 1 0 110 2 1 1 0 010-2zm5 0a1 1 0 110 2 1 1 0 010-2zm5 0a1 1 0 110 2 1 1 0 010-2z"
            fill="currentColor"
            fill-rule="evenodd"
          />
        </svg>
      </div>
    </div>
    <div
      class="dimensionItem"
    >
      <div
        class="icon"
      >
        <svg
          height="16"
          viewBox="0 0 16 16"
          width="16"
          xmlns="http://www.w3.org/2000/svg"
        >
          <path
            d="M11.5 2a.5.5 0 01.5.5V4h1a1 1 0 011 1v8a1 1 0 01-1 1H3a1 1 0 01-1-1V5a1 1 0 011-1h1V2.5a.5.5 0 011 0V4h6V2.5a.5.5 0 01.5-.5zM13 6H3v7h10zm-8 4a1 1 0 110 2 1 1 0 010-2zm3 0a1 1 0 110 2 1 1 0 010-2zM5 7a1 1 0 110 2 1 1 0 010-2zm3 0a1 1 0 110 2 1 1 0 010-2zm3 0a1 1 0 110 2 1 1 0 010-2z"
            fill="currentColor"
          />
        </svg>
      </div>
      <div
        class="label"
      >
        Last updated on
      </div>
      <div
        class="menuTrigger"
      >
        <svg
          height="16"
          viewBox="0 0 16 16"
          width="16"
          xmlns="http://www.w3.org/2000/svg"
        >
          <path
            d="M3 7a1 1 0 110 2 1 1 0 010-2zm5 0a1 1 0 110 2 1 1 0 010-2zm5 0a1 1 0 110 2 1 1 0 010-2z"
            fill="currentColor"
            fill-rule="evenodd"
          />
        </svg>
      </div>
    </div>
  </div>
</div>
`;

exports[`stage missing 1`] = `
<div>
  <div
    class="list"
  >
    <div
      class="dimensionItem disabled"
    >
      <div
        class="icon"
      >
        <svg
          height="16"
          viewBox="0 0 16 16"
          width="16"
          xmlns="http://www.w3.org/2000/svg"
        >
          <path
            d="M11.5 2a.5.5 0 01.5.5V4h1a1 1 0 011 1v8a1 1 0 01-1 1H3a1 1 0 01-1-1V5a1 1 0 011-1h1V2.5a.5.5 0 011 0V4h6V2.5a.5.5 0 01.5-.5zM13 6H3v7h10zm-8 4a1 1 0 110 2 1 1 0 010-2zm3 0a1 1 0 110 2 1 1 0 010-2zM5 7a1 1 0 110 2 1 1 0 010-2zm3 0a1 1 0 110 2 1 1 0 010-2zm3 0a1 1 0 110 2 1 1 0 010-2z"
            fill="currentColor"
          />
        </svg>
      </div>
      <div
        class="label"
      >
        Date of registration
      </div>
      <div
        class="menuTrigger"
      >
        <svg
          height="16"
          viewBox="0 0 16 16"
          width="16"
          xmlns="http://www.w3.org/2000/svg"
        >
          <path
            d="M3 7a1 1 0 110 2 1 1 0 010-2zm5 0a1 1 0 110 2 1 1 0 010-2zm5 0a1 1 0 110 2 1 1 0 010-2z"
            fill="currentColor"
            fill-rule="evenodd"
          />
        </svg>
      </div>
    </div>
    <div
      class="dimensionItem disabled"
    >
      <div
        class="icon"
      >
        <svg
          height="16"
          viewBox="0 0 16 16"
          width="16"
          xmlns="http://www.w3.org/2000/svg"
        >
          <path
            d="M11.5 2a.5.5 0 01.5.5V4h1a1 1 0 011 1v8a1 1 0 01-1 1H3a1 1 0 01-1-1V5a1 1 0 011-1h1V2.5a.5.5 0 011 0V4h6V2.5a.5.5 0 01.5-.5zM13 6H3v7h10zm-8 4a1 1 0 110 2 1 1 0 010-2zm3 0a1 1 0 110 2 1 1 0 010-2zM5 7a1 1 0 110 2 1 1 0 010-2zm3 0a1 1 0 110 2 1 1 0 010-2zm3 0a1 1 0 110 2 1 1 0 010-2z"
            fill="currentColor"
          />
        </svg>
      </div>
      <div
        class="label"
      >
        le enrollment date
      </div>
      <div
        class="menuTrigger"
      >
        <svg
          height="16"
          viewBox="0 0 16 16"
          width="16"
          xmlns="http://www.w3.org/2000/svg"
        >
          <path
            d="M3 7a1 1 0 110 2 1 1 0 010-2zm5 0a1 1 0 110 2 1 1 0 010-2zm5 0a1 1 0 110 2 1 1 0 010-2z"
            fill="currentColor"
            fill-rule="evenodd"
          />
        </svg>
      </div>
    </div>
    <div
      class="dimensionItem disabled"
    >
      <div
        class="icon"
      >
        <svg
          height="16"
          viewBox="0 0 16 16"
          width="16"
          xmlns="http://www.w3.org/2000/svg"
        >
          <path
            d="M11.5 2a.5.5 0 01.5.5V4h1a1 1 0 011 1v8a1 1 0 01-1 1H3a1 1 0 01-1-1V5a1 1 0 011-1h1V2.5a.5.5 0 011 0V4h6V2.5a.5.5 0 01.5-.5zM13 6H3v7h10zm-8 4a1 1 0 110 2 1 1 0 010-2zm3 0a1 1 0 110 2 1 1 0 010-2zM5 7a1 1 0 110 2 1 1 0 010-2zm3 0a1 1 0 110 2 1 1 0 010-2zm3 0a1 1 0 110 2 1 1 0 010-2z"
            fill="currentColor"
          />
        </svg>
      </div>
      <div
        class="label"
      >
        Due/Scheduled date
      </div>
      <div
        class="menuTrigger"
      >
        <svg
          height="16"
          viewBox="0 0 16 16"
          width="16"
          xmlns="http://www.w3.org/2000/svg"
        >
          <path
            d="M3 7a1 1 0 110 2 1 1 0 010-2zm5 0a1 1 0 110 2 1 1 0 010-2zm5 0a1 1 0 110 2 1 1 0 010-2z"
            fill="currentColor"
            fill-rule="evenodd"
          />
        </svg>
      </div>
    </div>
    <div
      class="dimensionItem disabled"
    >
      <div
        class="icon"
      >
        <svg
          height="16"
          viewBox="0 0 16 16"
          width="16"
          xmlns="http://www.w3.org/2000/svg"
        >
          <path
            d="M11.5 2a.5.5 0 01.5.5V4h1a1 1 0 011 1v8a1 1 0 01-1 1H3a1 1 0 01-1-1V5a1 1 0 011-1h1V2.5a.5.5 0 011 0V4h6V2.5a.5.5 0 01.5-.5zM13 6H3v7h10zm-8 4a1 1 0 110 2 1 1 0 010-2zm3 0a1 1 0 110 2 1 1 0 010-2zM5 7a1 1 0 110 2 1 1 0 010-2zm3 0a1 1 0 110 2 1 1 0 010-2zm3 0a1 1 0 110 2 1 1 0 010-2z"
            fill="currentColor"
          />
        </svg>
      </div>
      <div
        class="label"
      >
        le incident date
      </div>
      <div
        class="menuTrigger"
      >
        <svg
          height="16"
          viewBox="0 0 16 16"
          width="16"
          xmlns="http://www.w3.org/2000/svg"
        >
          <path
            d="M3 7a1 1 0 110 2 1 1 0 010-2zm5 0a1 1 0 110 2 1 1 0 010-2zm5 0a1 1 0 110 2 1 1 0 010-2z"
            fill="currentColor"
            fill-rule="evenodd"
          />
        </svg>
      </div>
    </div>
    <div
      class="dimensionItem disabled"
    >
      <div
        class="icon"
      >
        <svg
          height="16"
          viewBox="0 0 16 16"
          width="16"
          xmlns="http://www.w3.org/2000/svg"
        >
          <path
            d="M11.5 2a.5.5 0 01.5.5V4h1a1 1 0 011 1v8a1 1 0 01-1 1H3a1 1 0 01-1-1V5a1 1 0 011-1h1V2.5a.5.5 0 011 0V4h6V2.5a.5.5 0 01.5-.5zM13 6H3v7h10zm-8 4a1 1 0 110 2 1 1 0 010-2zm3 0a1 1 0 110 2 1 1 0 010-2zM5 7a1 1 0 110 2 1 1 0 010-2zm3 0a1 1 0 110 2 1 1 0 010-2zm3 0a1 1 0 110 2 1 1 0 010-2z"
            fill="currentColor"
          />
        </svg>
      </div>
      <div
        class="label"
      >
        Last updated on
      </div>
      <div
        class="menuTrigger"
      >
        <svg
          height="16"
          viewBox="0 0 16 16"
          width="16"
          xmlns="http://www.w3.org/2000/svg"
        >
          <path
            d="M3 7a1 1 0 110 2 1 1 0 010-2zm5 0a1 1 0 110 2 1 1 0 010-2zm5 0a1 1 0 110 2 1 1 0 010-2z"
            fill="currentColor"
            fill-rule="evenodd"
          />
        </svg>
      </div>
    </div>
  </div>
</div>
`;
